Loading C:\Users\Jamie\Documents\Ai Dev Tools\Portfolio\Lyric-Lens\data\raw\lyrics_db.csv …
  Raw rows: 9,797
  Unique songs: 9,797
Loading C:\Users\Jamie\Documents\Ai Dev Tools\Portfolio\Lyric-Lens\data\raw\hits_filtered.csv …
  Rows: 1,061

============================================================
MERGE STATS
============================================================
  Unique songs in lyrics_db:         9,797
  Matched with metadata:               819
  Lyrics only (no metadata match):   8,978
  Metadata only (skipped):             338
  Total records before filtering:    9,797
  Records with unknown genre:        8,978
  Final records in output:             819
  Output file: C:\Users\Jamie\Documents\Ai Dev Tools\Portfolio\Lyric-Lens\data\processed\merged_songs.json
============================================================

SAMPLE RECORD (first):
{
  "id": "tony-bennett-cold-cold-heart",
  "title": "Cold, Cold Heart",
  "artist": "Tony Bennett",
  "year": 1951,
  "decade": 1950,
  "genre": "jazz",
  "chart_position": 7,
  "topic": "sadness",
  "lyrics": "try hard dear dream afraid thing evil scheme memory lonesome past keep apart free doubtful mind melt cold cold heart tim\u2026",
  "valence": 0.2879225061830173,
  "energy": 0.1411143170837767,
  "danceability": 0.3339109715152172,
  "acousticness": 0.9718875219754236,
  "sadness": 0.5081922156105728,
  "romantic": 0.0223656578071618,
  "violence": 0.1100930790019766,
  "dating": 0.0011198208339581,
  "obscene": 0.0011198209216726,
  "feelings": 0.0011198208336999,
  "night_time": 0.0578584799913085,
  "world_life": 0.0011198209399024,
  "communication": 0.1444197827168002,
  "music": 0.0756745693141747
}
